22:33:29 **** Incremental Build of configuration Debug for project PTR_TEST ****
make -j4 all 
arm-none-eabi-gcc "../Core/Src/main.c" -mcpu=cortex-m4 -std=gnu11 -g3 -DDEBUG -DUSE_HAL_DRIVER -DSTM32F411xE -c -I../Core/Inc -I"C:/Users/PGR/test/PTR_TEST/Drivers/OLED" -I../Drivers/STM32F4xx_HAL_Driver/Inc -I../Drivers/STM32F4xx_HAL_Driver/Inc/Legacy -I../Drivers/CMSIS/Device/ST/STM32F4xx/Include -I../Drivers/CMSIS/Include -O0 -ffunction-sections -fdata-sections -Wall -fstack-usage -fcyclomatic-complexity -MMD -MP -MF"Core/Src/main.d" -MT"Core/Src/main.o" --specs=nano.specs -mfpu=fpv4-sp-d16 -mfloat-abi=hard -mthumb -o "Core/Src/main.o"
arm-none-eabi-gcc -o "PTR_TEST.elf" @"objects.list"   -mcpu=cortex-m4 -T"C:\Users\PGR\test\PTR_TEST\STM32F411RETX_FLASH.ld" --specs=nosys.specs -Wl,-Map="PTR_TEST.map" -Wl,--gc-sections -static --specs=nano.specs -mfpu=fpv4-sp-d16 -mfloat-abi=hard -mthumb -Wl,--start-group -lc -lm -Wl,--end-group
Finished building target: PTR_TEST.elf
 
arm-none-eabi-size   PTR_TEST.elf 
arm-none-eabi-objdump -h -S  PTR_TEST.elf  > "PTR_TEST.list"
   text	   data	    bss	    dec	    hex	filename
  21188	     44	   2756	  23988	   5db4	PTR_TEST.elf
Finished building: default.size.stdout
 
Finished building: PTR_TEST.list
 

22:33:31 Build Finished. 0 errors, 0 warnings. (took 2s.18ms)

