../Drivers/OLED/ssd1306_tests.c:112:6:ssd1306_TestBorder	16	static
../Drivers/OLED/ssd1306_tests.c:138:6:ssd1306_TestFonts1	8	static
../Drivers/OLED/ssd1306_tests.c:168:6:sm_test1	8	static
../Drivers/OLED/ssd1306_tests.c:183:6:ssd1306_TestFonts2	16	static
../Drivers/OLED/ssd1306_tests.c:205:6:ssd1306_TestFPS	104	static
../Drivers/OLED/ssd1306_tests.c:243:6:ssd1306_TestLine	16	static
../Drivers/OLED/ssd1306_tests.c:251:6:ssd1306_TestRectangle	24	static
../Drivers/OLED/ssd1306_tests.c:261:6:ssd1306_TestRectangleFill	16	static
../Drivers/OLED/ssd1306_tests.c:269:6:ssd1306_TestCircle	8	static
../Drivers/OLED/ssd1306_tests.c:284:6:ssd1306_TestArc	24	static
../Drivers/OLED/ssd1306_tests.c:291:6:ssd1306_TestPolyline	32	static
../Drivers/OLED/ssd1306_tests.c:308:6:ssd1306_TestDrawBitmap	24	static
../Drivers/OLED/ssd1306_tests.c:323:6:ssd1306_TestAll	8	static
